GDTEST_OK
right one
---
wrong
right
Redot
---
right one
